// Jest Snapshot v1, https://goo.gl/fbAQLP

exports[`Search component should match snapshot 1`] = `
<div>
  <form
    class="sc-bgqQcB iwyGvT"
  >
    <div
      class="sc-kPTPQs kMxmqA"
    >
      <button
        class="sc-fFGjHI sc-iVCKna kVWsUU flGjLA"
        style="background-color: transparent;"
        type="button"
      >
        <div
          class="sc-ewnqHT fkubsD"
        >
          All categories
        </div>
        <svg
          fill="currentColor"
          font-size="22"
          height="1em"
          stroke="currentColor"
          stroke-width="0"
          viewBox="0 0 24 24"
          width="1em"
          xmlns="http://www.w3.org/2000/svg"
        >
          <path
            d="M0 0h24v24H0V0z"
            fill="none"
          />
          <path
            d="M7.41 8.59L12 13.17l4.59-4.58L18 10l-6 6-6-6 1.41-1.41z"
          />
        </svg>
      </button>
    </div>
    <input
      class="sc-gTRrQi gcuGNn"
      type="text"
    />
    <button
      class="sc-fFGjHI sc-dicizt kVWsUU hluNsG"
      type="button"
    >
      <svg
        fill="currentColor"
        height="1em"
        stroke="currentColor"
        stroke-width="0"
        viewBox="0 0 24 24"
        width="1em"
        xmlns="http://www.w3.org/2000/svg"
      >
        <path
          d="M0 0h24v24H0V0z"
          fill="none"
        />
        <path
          d="M15.5 14h-.79l-.28-.27A6.471 6.471 0 0016 9.5 6.5 6.5 0 109.5 16c1.61 0 3.09-.59 4.23-1.57l.27.28v.79l5 4.99L20.49 19l-4.99-5zm-6 0C7.01 14 5 11.99 5 9.5S7.01 5 9.5 5 14 7.01 14 9.5 11.99 14 9.5 14z"
        />
      </svg>
    </button>
  </form>
</div>
`;
