// Jest Snapshot v1, https://goo.gl/fbAQLP

exports[`SingleAddress component should match snapshot 1`] = `
<div>
  <form
    class="sc-gxYJeL gGLwKK"
  >
    <div
      class="sc-iVCKna dIcsDr"
    >
      <h2
        class="sc-kPTPQs tiUYv"
      >
        Billing Address
      </h2>
      <button
        class="sc-bgqQcB sc-fFGjHI jHWwsb dQaKvT"
        type="button"
      >
        Edit
      </button>
    </div>
    <div
      class="sc-dicizt fpupii"
    />
    <h3>
      John Smith
    </h3>
    <div
      class="sc-kuWgmH bgXavs"
    >
      <p
        class="sc-duSInm cRhGRE"
      >
        123 Main St
      </p>
      <p
        class="sc-duSInm cRhGRE"
      >
        New York
        , 
        NY
         
        10001
      </p>
      <p
        class="sc-duSInm cRhGRE"
      >
        123-456-7890
      </p>
      <p
        class="sc-duSInm cRhGRE"
      >
        john@example.com
      </p>
    </div>
  </form>
</div>
`;
