// Jest Snapshot v1, https://goo.gl/fbAQLP

exports[`HeroCarousel component should match snapshot 1`] = `
<div>
  <div
    class="sc-dicizt dXbokp"
  >
    <div
      class="sc-dcrmVg kjozde"
    >
      <button
        class="active"
      />
      <button
        class=""
      />
      <button
        class=""
      />
      <button
        class=""
      />
    </div>
    <div
      class="sc-iVCKna hGJOFa"
      style="transform: translateX(0%);"
    >
      <div
        class="sc-gxYJeL jXkTqM active"
      >
        <img
          alt="slide"
          src="https://source.unsplash.com/random/1100×400?electronics"
        />
        <div
          class="sc-kuWgmH lfwFMl"
        >
          <button
            class="sc-bgqQcB sc-fFGjHI jAZTuJ dQaKvT"
            color="bg-color"
            type="button"
          >
            <a
              href="/shop/"
            >
              Now available →
            </a>
          </button>
        </div>
      </div>
      <div
        class="sc-gxYJeL jXkTqM"
      >
        <img
          alt="slide"
          src="https://source.unsplash.com/random/1100×400?electronics"
        />
        <div
          class="sc-kuWgmH lfwFMl"
        >
          <button
            class="sc-bgqQcB sc-fFGjHI jAZTuJ dQaKvT"
            color="bg-color"
            type="button"
          >
            <a
              href="/shop/"
            >
              Now available →
            </a>
          </button>
        </div>
      </div>
      <div
        class="sc-gxYJeL jXkTqM"
      >
        <img
          alt="slide"
          src="https://source.unsplash.com/random/1100×400?electronics"
        />
        <div
          class="sc-kuWgmH lfwFMl"
        >
          <button
            class="sc-bgqQcB sc-fFGjHI jAZTuJ dQaKvT"
            color="bg-color"
            type="button"
          >
            <a
              href="/shop/"
            >
              Now available →
            </a>
          </button>
        </div>
      </div>
      <div
        class="sc-gxYJeL jXkTqM"
      >
        <img
          alt="slide"
          src="https://source.unsplash.com/random/1100×400?electronics"
        />
        <div
          class="sc-kuWgmH lfwFMl"
        >
          <button
            class="sc-bgqQcB sc-fFGjHI jAZTuJ dQaKvT"
            color="bg-color"
            type="button"
          >
            <a
              href="/shop/"
            >
              Now available →
            </a>
          </button>
        </div>
      </div>
    </div>
    <button
      class="sc-kPTPQs sc-ispOId cJodUO eSgFRH"
    >
      ‹
    </button>
    <button
      class="sc-kPTPQs sc-kcuKUB cJodUO xicSp"
    >
      ›
    </button>
  </div>
</div>
`;
