// Jest Snapshot v1, https://goo.gl/fbAQLP

exports[`Navigation component should match snapshot 1`] = `
<div>
  <nav
    class="sc-bgqQcB cbBJqk"
  >
    <div
      class="container"
    >
      <ul
        class="sc-gTRrQi epUtYC"
        style="font-size: 1.7rem;"
      >
        <li
          class="sc-ewnqHT iWesBX"
        >
          <a
            href="/home"
          >
            home
          </a>
        </li>
        <li
          class="sc-ewnqHT iWesBX"
        >
          <a
            href="/categories"
          >
            categories
          </a>
        </li>
        <li
          class="sc-ewnqHT iWesBX"
        >
          <a
            href="/shop"
          >
            shop
          </a>
        </li>
        <li
          class="sc-ewnqHT iWesBX"
        >
          <a
            href="/about"
          >
            about
          </a>
        </li>
        <li
          class="sc-ewnqHT iWesBX"
        >
          <a
            href="/blog"
          >
            blog
          </a>
        </li>
        <li
          class="sc-ewnqHT iWesBX"
        >
          <a
            href="/contact"
          >
            contact
          </a>
        </li>
      </ul>
    </div>
  </nav>
</div>
`;
