// Jest Snapshot v1, https://goo.gl/fbAQLP

exports[`List component should match snapshot 1`] = `
<div>
  <ul
    class="sc-dicizt fvLdoU"
  >
    <li
      class="sc-iVCKna eSdBHa"
    >
      <button
        class="sc-bgqQcB sc-fFGjHI jHWwsb dQaKvT"
        type="button"
      >
        1
      </button>
    </li>
    <li
      class="sc-iVCKna eSdBHa"
    >
      <button
        class="sc-bgqQcB sc-fFGjHI jHWwsb dQaKvT"
        type="button"
      >
        2
      </button>
    </li>
    <li
      class="sc-iVCKna eSdBHa"
    >
      <button
        class="sc-bgqQcB sc-fFGjHI jHWwsb dQaKvT"
        type="button"
      >
        3
      </button>
    </li>
  </ul>
</div>
`;
