// Jest Snapshot v1, https://goo.gl/fbAQLP

exports[`Card component should match snapshot 1`] = `
<div>
  <div
    class="sc-bgqQcB iSYPPR"
  >
    <img
      alt="card"
      src="https://source.unsplash.com/random/300×300?electronics"
    />
    <div
      class="sc-gTRrQi iOjQnv"
    >
      <button
        class="sc-ewnqHT sc-iVCKna lgSmgJ OcGbI"
      >
        <a
          href="/"
        >
          Card
           →
        </a>
      </button>
    </div>
  </div>
</div>
`;
