// Jest Snapshot v1, https://goo.gl/fbAQLP

exports[`QuantityChanger should match snapshot 1`] = `
<div>
  <div>
    <button
      class="sc-bgqQcB sc-gTRrQi jHWwsb cVPPIc"
      type="button"
    >
      +
    </button>
    4
    <button
      class="sc-bgqQcB sc-gTRrQi jHWwsb cVPPIc"
      type="button"
    >
      -
    </button>
  </div>
</div>
`;
