// Jest Snapshot v1, https://goo.gl/fbAQLP

exports[`Stock component should match snapshot 1`] = `
<div>
  <div
    class="sc-bgqQcB beiWqX"
  >
    <div
      style="margin-bottom: 1rem;"
    >
      <div
        class="sc-ewnqHT dLOUny"
      >
        <span
          style="font-size: 1.3rem;"
        >
          Available: 
          7
        </span>
        <span
          style="font-size: 1.3rem;"
        >
          Sold: 
          3
        </span>
      </div>
      <div
        class="progress"
      >
        <div
          class="sc-gTRrQi gjhVB"
          width="100"
        />
        <div
          class="sc-gTRrQi kFAbuf"
          width="70"
        />
      </div>
    </div>
    <div
      class="sc-ewnqHT fcqwuT"
    >
      <div
        style="display: flex; flex-direction: column; gap: 0.5rem;"
      >
        <h4
          style="font-size: 1.7rem;"
        >
          Harry Up
        </h4>
        <p
          style="font-size: 1.1rem;"
        >
          offer end in:
        </p>
      </div>
      <div
        class="sc-ewnqHT jRSYnd"
      >
        <div
          class="clock"
        >
          <span
            class="circle"
          >
            00
          </span>
          Days
        </div>
         
        :
        <div
          class="clock"
        >
          <span
            class="circle"
          >
            00
          </span>
          Hours
        </div>
         
        :
        <div
          class="clock"
        >
          <span
            class="circle"
          >
            16
          </span>
          Mins
        </div>
         
        :
        <div
          class="clock"
        >
          <span
            class="circle"
          >
            39
          </span>
          Secs
        </div>
      </div>
    </div>
  </div>
</div>
`;
