// Jest Snapshot v1, https://goo.gl/fbAQLP

exports[`Login component should match snapshot 1`] = `
<div>
  <form
    aria-label="form"
    class="sc-gTRrQi jTeBHu"
  >
    <div
      class="sc-bgqQcB kPHljY"
    >
      Log in
    </div>
    <div
      class="sc-dicizt fRkMWc"
    >
      <label
        class="sc-iVCKna bFQppz"
      >
        Email
         *
        <input
          class="sc-gxYJeL bHrHca"
          name="email"
          placeholder="Enter your email"
          required=""
          type="email"
          value=""
        />
      </label>
    </div>
    <div
      class="sc-dicizt fRkMWc"
    >
      <label
        class="sc-iVCKna bFQppz"
      >
        Password
         *
        <input
          class="sc-gxYJeL bHrHca"
          minlength="8"
          name="password"
          placeholder="Enter your password"
          required=""
          type="password"
          value=""
        />
      </label>
    </div>
    <div
      class="sc-crozmw cvagfM"
    >
      <p>
        Don't have account?
         
        <a
          href="/signup"
          style="text-decoration: underline; margin-left: 0.3rem;"
        >
          Sign up
        </a>
      </p>
      <a
        href="/forget"
        style="text-decoration: underline;"
      >
        Forget password?
      </a>
    </div>
    <button
      class="sc-kPTPQs sc-dcrmVg bsVtmJ jmwxNy"
      color="var(--bg-color)"
      type="button"
    >
      Login
    </button>
    <div
      class="sc-cJPUEC hKzfTe"
    >
      <div
        class="sc-jeCNp hcCbso"
      >
        <div
          class="sc-jJTsDX bLCjbi"
          width="35"
        />
        <p
          class="sc-eywOmQ gAUFCq"
        >
          Or 
          login
           with
        </p>
        <div
          class="sc-jJTsDX bLCjbi"
          width="35"
        />
      </div>
      <div
        class="sc-cJPUEC hKzfTe"
      >
        <button
          class="sc-kPTPQs sc-dcrmVg jTTnrr jmwxNy"
          type="button"
        >
          [object Object] Facebook
        </button>
        <button
          class="sc-kPTPQs sc-dcrmVg jTTnrr jmwxNy"
          type="button"
        >
          [object Object] Google
        </button>
      </div>
    </div>
  </form>
</div>
`;
